------------------------------------------------------------
TimeQuest Timing Analyzer Summary
------------------------------------------------------------

Type  : Slow 1200mV 85C Model Setup 'clk'
Slack : -17.730
TNS   : -11629.582

Type  : Slow 1200mV 85C Model Setup 'CPU_FPGA:U_CPU|IF_Stage:U_STAGE_IF|IF_ID_Register:U_IF_ID|instruction_out[0]'
Slack : -0.695
TNS   : -1.312

Type  : Slow 1200mV 85C Model Hold 'CPU_FPGA:U_CPU|IF_Stage:U_STAGE_IF|IF_ID_Register:U_IF_ID|instruction_out[0]'
Slack : -1.380
TNS   : -1.384

Type  : Slow 1200mV 85C Model Hold 'clk'
Slack : 0.082
TNS   : 0.000

Type  : Slow 1200mV 85C Model Minimum Pulse Width 'clk'
Slack : -3.201
TNS   : -2199.957

Type  : Slow 1200mV 85C Model Minimum Pulse Width 'CPU_FPGA:U_CPU|IF_Stage:U_STAGE_IF|IF_ID_Register:U_IF_ID|instruction_out[0]'
Slack : 0.251
TNS   : 0.000

Type  : Slow 1200mV 0C Model Setup 'clk'
Slack : -16.816
TNS   : -10986.655

Type  : Slow 1200mV 0C Model Setup 'CPU_FPGA:U_CPU|IF_Stage:U_STAGE_IF|IF_ID_Register:U_IF_ID|instruction_out[0]'
Slack : -0.699
TNS   : -1.348

Type  : Slow 1200mV 0C Model Hold 'CPU_FPGA:U_CPU|IF_Stage:U_STAGE_IF|IF_ID_Register:U_IF_ID|instruction_out[0]'
Slack : -1.219
TNS   : -1.219

Type  : Slow 1200mV 0C Model Hold 'clk'
Slack : 0.061
TNS   : 0.000

Type  : Slow 1200mV 0C Model Minimum Pulse Width 'clk'
Slack : -3.201
TNS   : -2199.957

Type  : Slow 1200mV 0C Model Minimum Pulse Width 'CPU_FPGA:U_CPU|IF_Stage:U_STAGE_IF|IF_ID_Register:U_IF_ID|instruction_out[0]'
Slack : 0.049
TNS   : 0.000

Type  : Fast 1200mV 0C Model Setup 'clk'
Slack : -7.248
TNS   : -4373.383

Type  : Fast 1200mV 0C Model Setup 'CPU_FPGA:U_CPU|IF_Stage:U_STAGE_IF|IF_ID_Register:U_IF_ID|instruction_out[0]'
Slack : 0.063
TNS   : 0.000

Type  : Fast 1200mV 0C Model Hold 'CPU_FPGA:U_CPU|IF_Stage:U_STAGE_IF|IF_ID_Register:U_IF_ID|instruction_out[0]'
Slack : -0.582
TNS   : -0.582

Type  : Fast 1200mV 0C Model Hold 'clk'
Slack : -0.076
TNS   : -0.215

Type  : Fast 1200mV 0C Model Minimum Pulse Width 'clk'
Slack : -3.000
TNS   : -1560.416

Type  : Fast 1200mV 0C Model Minimum Pulse Width 'CPU_FPGA:U_CPU|IF_Stage:U_STAGE_IF|IF_ID_Register:U_IF_ID|instruction_out[0]'
Slack : 0.326
TNS   : 0.000

------------------------------------------------------------
