Flow report for CPU_FPGA
Sat Aug 08 02:19:36 2026
Quartus II 64-Bit Version 13.0.1 Build 232 06/12/2013 Service Pack 1 SJ Web Edition


---------------------
; Table of Contents ;
---------------------
  1. Legal Notice
  2. Flow Summary
  3. Flow Settings
  4. Flow Non-Default Global Settings
  5. Flow Elapsed Time
  6. Flow OS Summary
  7. Flow Log
  8. Flow Messages
  9. Flow Suppressed Messages



----------------
; Legal Notice ;
----------------
Copyright (C) 1991-2013 Altera Corporation
Your use of Altera Corporation's design tools, logic functions 
and other software and tools, and its AMPP partner logic 
functions, and any output files from any of the foregoing 
(including device programming or simulation files), and any 
associated documentation or information are expressly subject 
to the terms and conditions of the Altera Program License 
Subscription Agreement, Altera MegaCore Function License 
Agreement, or other applicable license agreement, including, 
without limitation, that your use is for the sole purpose of 
programming logic devices manufactured by Altera and sold by 
Altera or its authorized distributors.  Please refer to the 
applicable agreement for further details.



+--------------------------------------------------------------------------------------+
; Flow Summary                                                                         ;
+------------------------------------+-------------------------------------------------+
; Flow Status                        ; Successful - Sat Aug 08 02:19:31 2026           ;
; Quartus II 64-Bit Version          ; 13.0.1 Build 232 06/12/2013 SP 1 SJ Web Edition ;
; Revision Name                      ; CPU_FPGA                                        ;
; Top-level Entity Name              ; CPU_Top_Wrapper                                 ;
; Family                             ; Cyclone IV E                                    ;
; Device                             ; EP4CE6E22C8                                     ;
; Timing Models                      ; Final                                           ;
; Total logic elements               ; 4,197 / 6,272 ( 67 % )                          ;
;     Total combinational functions  ; 3,425 / 6,272 ( 55 % )                          ;
;     Dedicated logic registers      ; 1,443 / 6,272 ( 23 % )                          ;
; Total registers                    ; 1443                                            ;
; Total pins                         ; 12 / 92 ( 13 % )                                ;
; Total virtual pins                 ; 0                                               ;
; Total memory bits                  ; 65,536 / 276,480 ( 24 % )                       ;
; Embedded Multiplier 9-bit elements ; 8 / 30 ( 27 % )                                 ;
; Total PLLs                         ; 0 / 2 ( 0 % )                                   ;
+------------------------------------+-------------------------------------------------+


+-----------------------------------------+
; Flow Settings                           ;
+-------------------+---------------------+
; Option            ; Setting             ;
+-------------------+---------------------+
; Start date & time ; 08/08/2026 02:18:48 ;
; Main task         ; Compilation         ;
; Revision Name     ; CPU_FPGA            ;
+-------------------+---------------------+


+----------------------------------------------------------------------------------------------------------------------+
; Flow Non-Default Global Settings                                                                                     ;
+-------------------------------------+---------------------------------+---------------+-----------------+------------+
; Assignment Name                     ; Value                           ; Default Value ; Entity Name     ; Section Id ;
+-------------------------------------+---------------------------------+---------------+-----------------+------------+
; COMPILER_SIGNATURE_ID               ; 242035505737454.178614832825624 ; --            ; --              ; --         ;
; MAX_CORE_JUNCTION_TEMP              ; 85                              ; --            ; --              ; --         ;
; MIN_CORE_JUNCTION_TEMP              ; 0                               ; --            ; --              ; --         ;
; PARTITION_COLOR                     ; 16764057                        ; --            ; CPU_Top_Wrapper ; Top        ;
; PARTITION_FITTER_PRESERVATION_LEVEL ; PLACEMENT_AND_ROUTING           ; --            ; CPU_Top_Wrapper ; Top        ;
; PARTITION_NETLIST_TYPE              ; SOURCE                          ; --            ; CPU_Top_Wrapper ; Top        ;
; PROJECT_OUTPUT_DIRECTORY            ; output_files                    ; --            ; --              ; --         ;
; TOP_LEVEL_ENTITY                    ; CPU_Top_Wrapper                 ; CPU_FPGA      ; --              ; --         ;
; VHDL_INPUT_VERSION                  ; VHDL_2008                       ; VHDL_1993     ; --              ; --         ;
; VHDL_SHOW_LMF_MAPPING_MESSAGES      ; Off                             ; --            ; --              ; --         ;
+-------------------------------------+---------------------------------+---------------+-----------------+------------+


+-------------------------------------------------------------------------------------------------------------------------------+
; Flow Elapsed Time                                                                                                             ;
+---------------------------+--------------+-------------------------+---------------------+------------------------------------+
; Module Name               ; Elapsed Time ; Average Processors Used ; Peak Virtual Memory ; Total CPU Time (on all processors) ;
+---------------------------+--------------+-------------------------+---------------------+------------------------------------+
; Analysis & Synthesis      ; 00:00:14     ; 1.0                     ; 4862 MB             ; 00:00:14                           ;
; Fitter                    ; 00:00:25     ; 1.0                     ; 4955 MB             ; 00:00:24                           ;
; Assembler                 ; 00:00:01     ; 1.0                     ; 4569 MB             ; 00:00:01                           ;
; TimeQuest Timing Analyzer ; 00:00:04     ; 1.0                     ; 4666 MB             ; 00:00:04                           ;
; Total                     ; 00:00:44     ; --                      ; --                  ; 00:00:43                           ;
+---------------------------+--------------+-------------------------+---------------------+------------------------------------+


+----------------------------------------------------------------------------------------+
; Flow OS Summary                                                                        ;
+---------------------------+------------------+-----------+------------+----------------+
; Module Name               ; Machine Hostname ; OS Name   ; OS Version ; Processor type ;
+---------------------------+------------------+-----------+------------+----------------+
; Analysis & Synthesis      ; Ozi-5515         ; Windows 7 ; 6.1        ; x86_64         ;
; Fitter                    ; Ozi-5515         ; Windows 7 ; 6.1        ; x86_64         ;
; Assembler                 ; Ozi-5515         ; Windows 7 ; 6.1        ; x86_64         ;
; TimeQuest Timing Analyzer ; Ozi-5515         ; Windows 7 ; 6.1        ; x86_64         ;
+---------------------------+------------------+-----------+------------+----------------+


------------
; Flow Log ;
------------
quartus_map --read_settings_files=on --write_settings_files=off CPU_FPGA -c CPU_FPGA
quartus_fit --read_settings_files=off --write_settings_files=off CPU_FPGA -c CPU_FPGA
quartus_asm --read_settings_files=off --write_settings_files=off CPU_FPGA -c CPU_FPGA
quartus_sta CPU_FPGA -c CPU_FPGA



